// Jest Snapshot v1, https://goo.gl/fbAQLP

exports[`Nav.styles Container DEVE ser igual ao snapshot 1`] = `
.c0 {
  display: -webkit-box;
  display: -webkit-flex;
  display: -ms-flexbox;
  display: flex;
  -webkit-box-pack: justify;
  -webkit-justify-content: space-between;
  -ms-flex-pack: justify;
  justify-content: space-between;
  width: 100%;
}

<nav
  className="c0"
/>
`;

exports[`Nav.styles ContainerLogo DEVE ser igual ao snapshot 1`] = `
.c0 {
  position: static;
  display: -webkit-box;
  display: -webkit-flex;
  display: -ms-flexbox;
  display: flex;
  -webkit-box-pack: center;
  -webkit-justify-content: center;
  -ms-flex-pack: center;
  justify-content: center;
  -webkit-align-items: center;
  -webkit-box-align: center;
  -ms-flex-align: center;
  align-items: center;
  height: 89px;
  color: #FFFFFF;
  padding: 0 8px 0 89px;
}

<div
  className="c0"
/>
`;

exports[`Nav.styles Logo DEVE ser igual ao snapshot 1`] = `
.c0 {
  width: 80px;
  height: 80px;
  background-image: url(logo.svg);
  background-repeat: no-repeat;
}

<div
  className="c0"
/>
`;
